2 1 5 6 9 0.0 0.65084 3
2 1 5 7 9 0.0 0.65084 3
2 1 5 13 9 0.0 0.65084 3
3 1 5 6 9 0.0 0.65084 3
3 1 5 7 9 0.0 0.65084 3
3 1 5 13 9 0.0 0.65084 3
4 1 5 6 9 0.0 0.65084 3
4 1 5 7 9 0.0 0.65084 3
4 1 5 13 9 0.0 0.65084 3
1 5 7 8 9 0.0 0.65084 3
1 5 7 9 9 0.0 0.65084 3
1 5 7 10 9 180.0 11.02568 1
1 5 7 10 9 180.0 4.98022 2
1 5 7 10 9 180.0 0.02845 3
1 5 7 10 9 0.0 1.76858 4
1 5 7 10 9 0.0 0.96943 5
1 5 7 10 9 180.0 0.89009 6
6 5 7 8 9 0.0 0.65084 3
6 5 7 9 9 0.0 0.65084 3
6 5 7 10 9 0.0 0.65084 3
13 5 7 8 9 0.0 0.65084 3
13 5 7 9 9 0.0 0.65084 3
13 5 7 10 9 0.0 0.65084 3
1 5 13 14 9 0.0 0 0
1 5 13 15 9 0.0 0 0
6 5 13 14 9 0.0 0 0
6 5 13 15 9 0.0 0 0
7 5 13 14 9 0.0 0 0
7 5 13 15 9 0.0 0.8368 1
7 5 13 15 9 0.0 0.8368 2
7 5 13 15 9 0.0 1.6736 3
5 7 10 11 9 180.0 0.77822 4
5 7 10 11 9 180.0 1.48114 6
5 7 10 11 9 180.0 3.65263 2
5 7 10 12 9 180.0 0.77822 4
5 7 10 12 9 180.0 1.48114 6
5 7 10 12 9 180.0 3.65263 2
8 7 10 11 9 0.0 0 0
8 7 10 12 9 0.0 0 0
9 7 10 11 9 0.0 0 0
9 7 10 12 9 0.0 0 0
5 13 15 16 9 180.0 10.46 2
5 13 15 17 9 180.0 10.46 2
14 13 15 16 9 0.0 8.368 1
14 13 15 16 9 180.0 10.46 2
14 13 15 17 9 180.0 10.46 2
13 15 17 18 9 0.0 0 0
13 15 17 19 9 0.0 1.6736 3
13 15 17 19 9 0.0 8.368 1
13 15 17 19 9 0.0 8.368 2
13 15 17 27 9 180.0 0.14226 1
13 15 17 27 9 0.0 1.40164 2
13 15 17 27 9 0.0 2.2761 3
13 15 17 27 9 0.0 0.33472 4
16 15 17 18 9 0.0 0 0
16 15 17 19 9 0.0 0 0
16 15 17 27 9 0.0 0 0
15 17 19 20 9 0.0 0.65084 3
15 17 19 21 9 0.0 0.65084 3
15 17 19 22 9 180.0 2.63592 1
18 17 19 20 9 0.0 0.65084 3
18 17 19 21 9 0.0 0.65084 3
18 17 19 22 9 0.0 0.65084 3
27 17 19 20 9 0.0 0.65084 3
27 17 19 21 9 0.0 0.65084 3
27 17 19 22 9 0.0 0.71421 1
27 17 19 22 9 180.0 2.49241 2
27 17 19 22 9 0.0 0.4958 3
27 17 19 22 9 180.0 1.74556 4
27 17 19 22 9 0.0 0.43597 5
27 17 19 22 9 180.0 0.42142 6
15 17 27 28 9 0.0 0 0
15 17 27 29 9 360.0 0.82425 1
15 17 27 29 9 180.0 6.04588 2
15 17 27 29 9 180.0 2.00414 3
15 17 27 29 9 360.0 0.07991 4
15 17 27 29 9 360.0 0.01674 5
18 17 27 28 9 0.0 3.3472 1
18 17 27 28 9 180.0 0.33472 3
18 17 27 29 9 0.0 0 0
19 17 27 28 9 0.0 0 0
19 17 27 29 9 0.0 0.8368 1
19 17 27 29 9 0.0 0.8368 2
19 17 27 29 9 0.0 1.6736 3
17 19 22 23 9 180.0 4.184 1
17 19 22 24 9 180.0 4.37772 1
17 19 22 24 9 180.0 0.7573 2
17 19 22 24 9 180.0 0.14811 3
17 19 22 24 9 0.0 0.41966 4
17 19 22 24 9 0.0 0.54308 5
17 19 22 24 9 180.0 0.44373 6
20 19 22 23 9 0.0 3.3472 1
20 19 22 23 9 180.0 0.33472 3
20 19 22 24 9 0.0 0 0
21 19 22 23 9 0.0 3.3472 1
21 19 22 23 9 180.0 0.33472 3
21 19 22 24 9 0.0 0 0
19 22 24 25 9 180.0 10.46 2
19 22 24 26 9 180.0 10.46 2
23 22 24 25 9 0.0 8.368 1
23 22 24 25 9 180.0 10.46 2
23 22 24 26 9 0.0 8.368 1
23 22 24 26 9 180.0 10.46 2
17 27 29 30 9 180.0 10.46 2
17 27 29 31 9 180.0 10.46 2
28 27 29 30 9 0.0 8.368 1
28 27 29 30 9 180.0 10.46 2
28 27 29 31 9 180.0 10.46 2
27 29 31 32 9 0.0 0 0
27 29 31 33 9 0.0 1.6736 3
27 29 31 33 9 0.0 8.368 1
27 29 31 33 9 0.0 8.368 2
27 29 31 42 9 180.0 0.14226 1
27 29 31 42 9 0.0 1.40164 2
27 29 31 42 9 0.0 2.2761 3
27 29 31 42 9 0.0 0.33472 4
30 29 31 32 9 0.0 0 0
30 29 31 33 9 0.0 0 0
30 29 31 42 9 0.0 0 0
29 31 33 34 9 0.0 0.65084 3
29 31 33 35 9 0.0 0.65084 3
29 31 33 36 9 0.0 0.4184 1
32 31 33 34 9 0.0 0.65084 3
32 31 33 35 9 0.0 0.65084 3
32 31 33 36 9 0.0 0.65084 3
42 31 33 34 9 0.0 0.65084 3
42 31 33 35 9 0.0 0.65084 3
42 31 33 36 9 0.0 1.2552 1
29 31 42 43 9 0.0 0 0
29 31 42 44 9 360.0 0.82425 1
29 31 42 44 9 180.0 6.04588 2
29 31 42 44 9 180.0 2.00414 3
29 31 42 44 9 360.0 0.07991 4
29 31 42 44 9 360.0 0.01674 5
32 31 42 43 9 0.0 3.3472 1
32 31 42 43 9 180.0 0.33472 3
32 31 42 44 9 0.0 0 0
33 31 42 43 9 0.0 0 0
33 31 42 44 9 0.0 0.8368 1
33 31 42 44 9 0.0 0.8368 2
33 31 42 44 9 0.0 1.6736 3
31 33 36 37 9 0.0 0.64852 3
31 33 36 38 9 0.0 0.64852 3
31 33 36 39 9 0.0 0.64852 3
34 33 36 37 9 0.0 0.64852 3
34 33 36 38 9 0.0 0.64852 3
34 33 36 39 9 0.0 0.64852 3
35 33 36 37 9 0.0 0.64852 3
35 33 36 38 9 0.0 0.64852 3
35 33 36 39 9 0.0 0.64852 3
33 36 39 40 9 180.0 2.5104 2
33 36 39 41 9 180.0 2.5104 2
37 36 39 40 9 0.0 0 0
37 36 39 41 9 0.0 0 0
38 36 39 40 9 0.0 0 0
38 36 39 41 9 0.0 0 0
31 42 44 45 9 180.0 10.46 2
31 42 44 46 9 180.0 10.46 2
43 42 44 45 9 0.0 8.368 1
43 42 44 45 9 180.0 10.46 2
43 42 44 46 9 180.0 10.46 2
42 44 46 47 9 0.0 0 0
42 44 46 48 9 0.0 1.6736 3
42 44 46 48 9 0.0 8.368 1
42 44 46 48 9 0.0 8.368 2
42 44 46 52 9 180.0 0.14226 1
42 44 46 52 9 0.0 1.40164 2
42 44 46 52 9 0.0 2.2761 3
42 44 46 52 9 0.0 0.33472 4
45 44 46 47 9 0.0 0 0
45 44 46 48 9 0.0 0 0
45 44 46 52 9 0.0 0 0
44 46 48 49 9 0.0 0.65084 3
44 46 48 50 9 0.0 0.65084 3
44 46 48 51 9 0.0 0.65084 3
47 46 48 49 9 0.0 0.65084 3
47 46 48 50 9 0.0 0.65084 3
47 46 48 51 9 0.0 0.65084 3
52 46 48 49 9 0.0 0.65084 3
52 46 48 50 9 0.0 0.65084 3
52 46 48 51 9 0.0 0.65084 3
44 46 52 53 9 0.0 0 0
44 46 52 54 9 360.0 0.82425 1
44 46 52 54 9 180.0 6.04588 2
44 46 52 54 9 180.0 2.00414 3
44 46 52 54 9 360.0 0.07991 4
44 46 52 54 9 360.0 0.01674 5
47 46 52 53 9 0.0 3.3472 1
47 46 52 53 9 180.0 0.33472 3
47 46 52 54 9 0.0 0 0
48 46 52 53 9 0.0 0 0
48 46 52 54 9 0.0 0.8368 1
48 46 52 54 9 0.0 0.8368 2
48 46 52 54 9 0.0 1.6736 3
46 52 54 55 9 180.0 10.46 2
46 52 54 56 9 180.0 10.46 2
53 52 54 55 9 0.0 8.368 1
53 52 54 55 9 180.0 10.46 2
53 52 54 56 9 180.0 10.46 2
52 54 56 57 9 0.0 0 0
52 54 56 58 9 0.0 1.6736 3
52 54 56 58 9 0.0 8.368 1
52 54 56 58 9 0.0 8.368 2
52 54 56 73 9 180.0 0.14226 1
52 54 56 73 9 0.0 1.40164 2
52 54 56 73 9 0.0 2.2761 3
52 54 56 73 9 0.0 0.33472 4
55 54 56 57 9 0.0 0 0
55 54 56 58 9 0.0 0 0
55 54 56 73 9 0.0 0 0
54 56 58 59 9 0.0 0.65084 3
54 56 58 60 9 0.0 0.65084 3
54 56 58 61 9 0.0 0 0
57 56 58 59 9 0.0 0.65084 3
57 56 58 60 9 0.0 0.65084 3
57 56 58 61 9 0.0 0.65084 3
73 56 58 59 9 0.0 0.65084 3
73 56 58 60 9 0.0 0.65084 3
73 56 58 61 9 0.0 2.17568 1
54 56 73 74 9 0.0 0 0
54 56 73 75 9 360.0 0.82425 1
54 56 73 75 9 180.0 6.04588 2
54 56 73 75 9 180.0 2.00414 3
54 56 73 75 9 360.0 0.07991 4
54 56 73 75 9 360.0 0.01674 5
57 56 73 74 9 0.0 3.3472 1
57 56 73 74 9 180.0 0.33472 3
57 56 73 75 9 0.0 0 0
58 56 73 74 9 0.0 0 0
58 56 73 75 9 0.0 0.8368 1
58 56 73 75 9 0.0 0.8368 2
58 56 73 75 9 0.0 1.6736 3
56 58 61 62 9 0.0 0 0
56 58 61 71 9 0.0 0 0
59 58 61 62 9 0.0 0 0
59 58 61 71 9 0.0 0 0
60 58 61 62 9 0.0 0 0
60 58 61 71 9 0.0 0 0
58 61 62 63 9 180.0 15.167 2
58 61 62 64 9 180.0 15.167 2
71 61 62 63 9 180.0 15.167 2
71 61 62 64 9 180.0 15.167 2
58 61 71 69 9 180.0 15.167 2
58 61 71 72 9 180.0 15.167 2
62 61 71 69 9 180.0 15.167 2
62 61 71 72 9 180.0 15.167 2
61 62 64 65 9 180.0 15.167 2
61 62 64 66 9 180.0 15.167 2
63 62 64 65 9 180.0 15.167 2
63 62 64 66 9 180.0 15.167 2
62 64 66 67 9 180.0 15.167 2
62 64 66 69 9 180.0 15.167 2
65 64 66 67 9 180.0 15.167 2
65 64 66 69 9 180.0 15.167 2
64 66 67 68 9 180.0 9.6232 2
69 66 67 68 9 180.0 9.6232 2
64 66 69 70 9 180.0 15.167 2
64 66 69 71 9 180.0 15.167 2
67 66 69 70 9 180.0 15.167 2
67 66 69 71 9 180.0 15.167 2
66 69 71 61 9 180.0 15.167 2
66 69 71 72 9 180.0 15.167 2
70 69 71 61 9 180.0 15.167 2
70 69 71 72 9 180.0 15.167 2
56 73 75 76 9 180.0 10.46 2
56 73 75 77 9 180.0 10.46 2
74 73 75 76 9 0.0 8.368 1
74 73 75 76 9 180.0 10.46 2
74 73 75 77 9 180.0 10.46 2
73 75 77 78 9 0.0 0 0
73 75 77 79 9 0.0 1.6736 3
73 75 77 79 9 0.0 8.368 1
73 75 77 79 9 0.0 8.368 2
73 75 77 88 9 180.0 0.14226 1
73 75 77 88 9 0.0 1.40164 2
73 75 77 88 9 0.0 2.2761 3
73 75 77 88 9 0.0 0.33472 4
76 75 77 78 9 0.0 0 0
76 75 77 79 9 0.0 0 0
76 75 77 88 9 0.0 0 0
75 77 79 80 9 0.0 0.65084 3
75 77 79 81 9 0.0 0.65084 3
75 77 79 82 9 0.0 0.4184 1
78 77 79 80 9 0.0 0.65084 3
78 77 79 81 9 0.0 0.65084 3
78 77 79 82 9 0.0 0.65084 3
88 77 79 80 9 0.0 0.65084 3
88 77 79 81 9 0.0 0.65084 3
88 77 79 82 9 0.0 1.2552 1
75 77 88 89 9 0.0 0 0
75 77 88 90 9 360.0 0.82425 1
75 77 88 90 9 180.0 6.04588 2
75 77 88 90 9 180.0 2.00414 3
75 77 88 90 9 360.0 0.07991 4
75 77 88 90 9 360.0 0.01674 5
78 77 88 89 9 0.0 3.3472 1
78 77 88 89 9 180.0 0.33472 3
78 77 88 90 9 0.0 0 0
79 77 88 89 9 0.0 0 0
79 77 88 90 9 0.0 0.8368 1
79 77 88 90 9 0.0 0.8368 2
79 77 88 90 9 0.0 1.6736 3
77 79 82 83 9 0.0 0.64852 3
77 79 82 84 9 0.0 0.64852 3
77 79 82 85 9 0.0 0.64852 3
80 79 82 83 9 0.0 0.64852 3
80 79 82 84 9 0.0 0.64852 3
80 79 82 85 9 0.0 0.64852 3
81 79 82 83 9 0.0 0.64852 3
81 79 82 84 9 0.0 0.64852 3
81 79 82 85 9 0.0 0.64852 3
79 82 85 86 9 180.0 2.5104 2
79 82 85 87 9 180.0 2.5104 2
83 82 85 86 9 0.0 0 0
83 82 85 87 9 0.0 0 0
84 82 85 86 9 0.0 0 0
84 82 85 87 9 0.0 0 0
77 88 90 91 9 180.0 10.46 2
77 88 90 92 9 180.0 10.46 2
89 88 90 91 9 0.0 8.368 1
89 88 90 91 9 180.0 10.46 2
89 88 90 92 9 180.0 10.46 2
88 90 92 93 9 0.0 0 0
88 90 92 94 9 0.0 1.6736 3
88 90 92 94 9 0.0 8.368 1
88 90 92 94 9 0.0 8.368 2
88 90 92 105 9 180.0 0.14226 1
88 90 92 105 9 0.0 1.40164 2
88 90 92 105 9 0.0 2.2761 3
88 90 92 105 9 0.0 0.33472 4
91 90 92 93 9 0.0 0 0
91 90 92 94 9 0.0 0 0
91 90 92 105 9 0.0 0 0
90 92 94 95 9 0.0 0.65084 3
90 92 94 96 9 0.0 0.65084 3
90 92 94 97 9 0.0 0.4184 1
93 92 94 95 9 0.0 0.65084 3
93 92 94 96 9 0.0 0.65084 3
93 92 94 97 9 0.0 0.65084 3
105 92 94 95 9 0.0 0.65084 3
105 92 94 96 9 0.0 0.65084 3
105 92 94 97 9 0.0 1.2552 1
90 92 105 106 9 0.0 0 0
90 92 105 107 9 360.0 0.82425 1
90 92 105 107 9 180.0 6.04588 2
90 92 105 107 9 180.0 2.00414 3
90 92 105 107 9 360.0 0.07991 4
90 92 105 107 9 360.0 0.01674 5
93 92 105 106 9 0.0 3.3472 1
93 92 105 106 9 180.0 0.33472 3
93 92 105 107 9 0.0 0 0
94 92 105 106 9 0.0 0 0
94 92 105 107 9 0.0 0.8368 1
94 92 105 107 9 0.0 0.8368 2
94 92 105 107 9 0.0 1.6736 3
92 94 97 98 9 0.0 0.64852 3
92 94 97 99 9 0.0 0.64852 3
92 94 97 100 9 0.0 0 0
95 94 97 98 9 0.0 0.64852 3
95 94 97 99 9 0.0 0.64852 3
95 94 97 100 9 0.0 0.64852 3
96 94 97 98 9 0.0 0.64852 3
96 94 97 99 9 0.0 0.64852 3
96 94 97 100 9 0.0 0.64852 3
94 97 100 101 9 0.0 1.39327 3
98 97 100 101 9 0.0 1.39327 3
99 97 100 101 9 0.0 1.39327 3
97 100 101 102 9 0.0 1.39467 3
97 100 101 103 9 0.0 1.39467 3
97 100 101 104 9 0.0 1.39467 3
92 105 107 108 9 180.0 10.46 2
92 105 107 117 9 180.0 10.46 2
106 105 107 108 9 180.0 10.46 2
106 105 107 117 9 180.0 10.46 2
105 107 108 109 9 0.0 0 0
105 107 108 110 9 0.0 0 0
105 107 108 111 9 0.0 1.6736 3
105 107 108 111 9 0.0 8.368 1
105 107 108 111 9 0.0 8.368 2
117 107 108 109 9 0.0 0 0
117 107 108 110 9 0.0 0 0
117 107 108 111 9 0.0 0 0
105 107 117 114 9 0.0 8.368 1
105 107 117 114 9 0.0 8.368 2
105 107 117 114 9 0.0 1.6736 3
105 107 117 118 9 0.0 0 0
105 107 117 119 9 0.0 1.12968 2
105 107 117 119 9 0.0 1.75728 3
108 107 117 114 9 0.0 0 0
108 107 117 118 9 0.0 0 0
108 107 117 119 9 0.0 0 0
107 108 111 112 9 0.0 0.65084 3
107 108 111 113 9 0.0 0.65084 3
107 108 111 114 9 0.0 0.65084 3
109 108 111 112 9 0.0 0.65084 3
109 108 111 113 9 0.0 0.65084 3
109 108 111 114 9 0.0 0.65084 3
110 108 111 112 9 0.0 0.65084 3
110 108 111 113 9 0.0 0.65084 3
110 108 111 114 9 0.0 0.65084 3
108 111 114 115 9 0.0 0.66944 3
108 111 114 116 9 0.0 0.66944 3
108 111 114 117 9 0.0 0.75312 3
108 111 114 117 9 180.0 0.8368 1
108 111 114 117 9 180.0 1.046 2
112 111 114 115 9 0.0 0.6276 3
112 111 114 116 9 0.0 0.6276 3
112 111 114 117 9 0.0 0.66944 3
113 111 114 115 9 0.0 0.6276 3
113 111 114 116 9 0.0 0.6276 3
113 111 114 117 9 0.0 0.66944 3
111 114 117 107 9 0.0 0.65084 3
111 114 117 118 9 0.0 0.65084 3
111 114 117 119 9 0.0 0.65084 3
115 114 117 107 9 0.0 0.65084 3
115 114 117 118 9 0.0 0.65084 3
115 114 117 119 9 0.0 0.65084 3
116 114 117 107 9 0.0 0.65084 3
116 114 117 118 9 0.0 0.65084 3
116 114 117 119 9 0.0 0.65084 3
107 117 119 120 9 0.0 0 0
107 117 119 121 9 180.0 1.8828 1
107 117 119 121 9 180.0 6.61072 2
107 117 119 121 9 180.0 2.3012 3
114 117 119 120 9 0.0 0 0
114 117 119 121 9 0.0 0.8368 1
114 117 119 121 9 0.0 0.8368 2
114 117 119 121 9 0.0 1.6736 3
118 117 119 120 9 0.0 3.3472 1
118 117 119 120 9 180.0 0.33472 3
118 117 119 121 9 0.0 0 0
117 119 121 122 9 180.0 10.46 2
117 119 121 123 9 180.0 10.46 2
120 119 121 122 9 0.0 8.368 1
120 119 121 122 9 180.0 10.46 2
120 119 121 123 9 180.0 10.46 2
119 121 123 124 9 0.0 0 0
119 121 123 125 9 0.0 8.368 1
119 121 123 125 9 0.0 8.368 2
119 121 123 125 9 0.0 1.6736 3
119 121 123 130 9 180.0 0.14226 1
119 121 123 130 9 0.0 1.40164 2
119 121 123 130 9 0.0 2.2761 3
119 121 123 130 9 0.0 0.33472 4
122 121 123 124 9 0.0 0 0
122 121 123 125 9 0.0 0 0
122 121 123 130 9 0.0 0 0
121 123 125 126 9 0.0 0.64852 3
121 123 125 127 9 0.0 0.64852 3
121 123 125 128 9 180.0 1.046 1
124 123 125 126 9 0.0 0.64852 3
124 123 125 127 9 0.0 0.64852 3
124 123 125 128 9 0.0 0.64852 3
130 123 125 126 9 0.0 0.64852 3
130 123 125 127 9 0.0 0.64852 3
130 123 125 128 9 180.0 3.7656 1
121 123 130 131 9 0.0 0 0
121 123 130 132 9 360.0 0.82425 1
121 123 130 132 9 180.0 6.04588 2
121 123 130 132 9 180.0 2.00414 3
121 123 130 132 9 360.0 0.07991 4
121 123 130 132 9 360.0 0.01674 5
124 123 130 131 9 0.0 3.3472 1
124 123 130 131 9 180.0 0.33472 3
124 123 130 132 9 0.0 0 0
125 123 130 131 9 0.0 0 0
125 123 130 132 9 0.0 0.8368 1
125 123 130 132 9 0.0 0.8368 2
125 123 130 132 9 0.0 1.6736 3
123 125 128 129 9 0.0 0.25104 2
123 125 128 129 9 0.0 0.8368 3
123 125 128 129 9 0.0 3.138 1
126 125 128 129 9 0.0 0.69873 3
127 125 128 129 9 0.0 0.69873 3
123 130 132 133 9 180.0 10.46 2
123 130 132 134 9 180.0 10.46 2
131 130 132 133 9 0.0 8.368 1
131 130 132 133 9 180.0 10.46 2
131 130 132 134 9 180.0 10.46 2
130 132 134 135 9 0.0 0 0
130 132 134 136 9 0.0 1.6736 3
130 132 134 136 9 0.0 8.368 1
130 132 134 136 9 0.0 8.368 2
130 132 134 145 9 180.0 0.14226 1
130 132 134 145 9 0.0 1.40164 2
130 132 134 145 9 0.0 2.2761 3
130 132 134 145 9 0.0 0.33472 4
133 132 134 135 9 0.0 0 0
133 132 134 136 9 0.0 0 0
133 132 134 145 9 0.0 0 0
132 134 136 137 9 0.0 0.65084 3
132 134 136 138 9 0.0 0.65084 3
132 134 136 139 9 0.0 0.4184 1
135 134 136 137 9 0.0 0.65084 3
135 134 136 138 9 0.0 0.65084 3
135 134 136 139 9 0.0 0.65084 3
145 134 136 137 9 0.0 0.65084 3
145 134 136 138 9 0.0 0.65084 3
145 134 136 139 9 0.0 1.2552 1
132 134 145 146 9 0.0 0 0
132 134 145 147 9 360.0 0.82425 1
132 134 145 147 9 180.0 6.04588 2
132 134 145 147 9 180.0 2.00414 3
132 134 145 147 9 360.0 0.07991 4
132 134 145 147 9 360.0 0.01674 5
135 134 145 146 9 0.0 3.3472 1
135 134 145 146 9 180.0 0.33472 3
135 134 145 147 9 0.0 0 0
136 134 145 146 9 0.0 0 0
136 134 145 147 9 0.0 0.8368 1
136 134 145 147 9 0.0 0.8368 2
136 134 145 147 9 0.0 1.6736 3
134 136 139 140 9 0.0 0.64852 3
134 136 139 141 9 0.0 0.64852 3
134 136 139 142 9 0.0 0.64852 3
137 136 139 140 9 0.0 0.64852 3
137 136 139 141 9 0.0 0.64852 3
137 136 139 142 9 0.0 0.64852 3
138 136 139 140 9 0.0 0.64852 3
138 136 139 141 9 0.0 0.64852 3
138 136 139 142 9 0.0 0.64852 3
136 139 142 143 9 180.0 2.5104 2
136 139 142 144 9 180.0 2.5104 2
140 139 142 143 9 0.0 0 0
140 139 142 144 9 0.0 0 0
141 139 142 143 9 0.0 0 0
141 139 142 144 9 0.0 0 0
134 145 147 148 9 180.0 10.46 2
134 145 147 149 9 180.0 10.46 2
146 145 147 148 9 0.0 8.368 1
146 145 147 148 9 180.0 10.46 2
146 145 147 149 9 180.0 10.46 2
145 147 149 150 9 0.0 0 0
145 147 149 151 9 0.0 1.6736 3
145 147 149 151 9 0.0 8.368 1
145 147 149 151 9 0.0 8.368 2
145 147 149 160 9 180.0 0.14226 1
145 147 149 160 9 0.0 1.40164 2
145 147 149 160 9 0.0 2.2761 3
145 147 149 160 9 0.0 0.33472 4
148 147 149 150 9 0.0 0 0
148 147 149 151 9 0.0 0 0
148 147 149 160 9 0.0 0 0
147 149 151 152 9 0.0 0.65084 3
147 149 151 153 9 0.0 0.65084 3
147 149 151 154 9 0.0 0.4184 1
150 149 151 152 9 0.0 0.65084 3
150 149 151 153 9 0.0 0.65084 3
150 149 151 154 9 0.0 0.65084 3
160 149 151 152 9 0.0 0.65084 3
160 149 151 153 9 0.0 0.65084 3
160 149 151 154 9 0.0 1.2552 1
147 149 160 161 9 0.0 0 0
147 149 160 162 9 360.0 0.82425 1
147 149 160 162 9 180.0 6.04588 2
147 149 160 162 9 180.0 2.00414 3
147 149 160 162 9 360.0 0.07991 4
147 149 160 162 9 360.0 0.01674 5
150 149 160 161 9 0.0 3.3472 1
150 149 160 161 9 180.0 0.33472 3
150 149 160 162 9 0.0 0 0
151 149 160 161 9 0.0 0 0
151 149 160 162 9 0.0 0.8368 1
151 149 160 162 9 0.0 0.8368 2
151 149 160 162 9 0.0 1.6736 3
149 151 154 155 9 0.0 0.64852 3
149 151 154 156 9 0.0 0.64852 3
149 151 154 157 9 0.0 0.64852 3
152 151 154 155 9 0.0 0.64852 3
152 151 154 156 9 0.0 0.64852 3
152 151 154 157 9 0.0 0.64852 3
153 151 154 155 9 0.0 0.64852 3
153 151 154 156 9 0.0 0.64852 3
153 151 154 157 9 0.0 0.64852 3
151 154 157 158 9 180.0 2.5104 2
151 154 157 159 9 180.0 2.5104 2
155 154 157 158 9 0.0 0 0
155 154 157 159 9 0.0 0 0
156 154 157 158 9 0.0 0 0
156 154 157 159 9 0.0 0 0
149 160 162 163 9 180.0 10.46 2
149 160 162 164 9 180.0 10.46 2
161 160 162 163 9 0.0 8.368 1
161 160 162 163 9 180.0 10.46 2
161 160 162 164 9 180.0 10.46 2
160 162 164 165 9 0.0 0 0
160 162 164 166 9 0.0 0 0
160 162 164 167 9 0.0 0.35267 1
160 162 164 167 9 0.0 1.59541 2
160 162 164 167 9 180.0 0.08381 3
160 162 164 167 9 0.0 0.32396 4
163 162 164 165 9 0.0 0 0
163 162 164 166 9 0.0 0 0
163 162 164 167 9 0.0 0 0
162 164 167 168 9 0.0 0 0
162 164 167 169 9 180.0 2.69445 1
162 164 167 169 9 180.0 6.68666 2
162 164 167 169 9 180.0 1.67111 3
162 164 167 169 9 0.0 0.31419 4
165 164 167 168 9 0.0 3.3472 1
165 164 167 168 9 180.0 0.33472 3
165 164 167 169 9 0.0 0 0
166 164 167 168 9 0.0 3.3472 1
166 164 167 168 9 180.0 0.33472 3
166 164 167 169 9 0.0 0 0
164 167 169 170 9 180.0 10.46 2
164 167 169 171 9 180.0 10.46 2
168 167 169 170 9 0.0 8.368 1
168 167 169 170 9 180.0 10.46 2
168 167 169 171 9 180.0 10.46 2
167 169 171 172 9 0.0 0 0
167 169 171 173 9 0.0 1.6736 3
167 169 171 173 9 0.0 8.368 1
167 169 171 173 9 0.0 8.368 2
167 169 171 188 9 180.0 0.14226 1
167 169 171 188 9 0.0 1.40164 2
167 169 171 188 9 0.0 2.2761 3
167 169 171 188 9 0.0 0.33472 4
170 169 171 172 9 0.0 0 0
170 169 171 173 9 0.0 0 0
170 169 171 188 9 0.0 0 0
169 171 173 174 9 0.0 0.65084 3
169 171 173 175 9 0.0 0.65084 3
169 171 173 176 9 0.0 0 0
172 171 173 174 9 0.0 0.65084 3
172 171 173 175 9 0.0 0.65084 3
172 171 173 176 9 0.0 0.65084 3
188 171 173 174 9 0.0 0.65084 3
188 171 173 175 9 0.0 0.65084 3
188 171 173 176 9 0.0 2.17568 1
169 171 188 189 9 0.0 0 0
169 171 188 190 9 360.0 0.82425 1
169 171 188 190 9 180.0 6.04588 2
169 171 188 190 9 180.0 2.00414 3
169 171 188 190 9 360.0 0.07991 4
169 171 188 190 9 360.0 0.01674 5
172 171 188 189 9 0.0 3.3472 1
172 171 188 189 9 180.0 0.33472 3
172 171 188 190 9 0.0 0 0
173 171 188 189 9 0.0 0 0
173 171 188 190 9 0.0 0.8368 1
173 171 188 190 9 0.0 0.8368 2
173 171 188 190 9 0.0 1.6736 3
171 173 176 177 9 0.0 0 0
171 173 176 186 9 0.0 0 0
174 173 176 177 9 0.0 0 0
174 173 176 186 9 0.0 0 0
175 173 176 177 9 0.0 0 0
175 173 176 186 9 0.0 0 0
173 176 177 178 9 180.0 15.167 2
173 176 177 179 9 180.0 15.167 2
186 176 177 178 9 180.0 15.167 2
186 176 177 179 9 180.0 15.167 2
173 176 186 184 9 180.0 15.167 2
173 176 186 187 9 180.0 15.167 2
177 176 186 184 9 180.0 15.167 2
177 176 186 187 9 180.0 15.167 2
176 177 179 180 9 180.0 15.167 2
176 177 179 181 9 180.0 15.167 2
178 177 179 180 9 180.0 15.167 2
178 177 179 181 9 180.0 15.167 2
177 179 181 182 9 180.0 15.167 2
177 179 181 184 9 180.0 15.167 2
180 179 181 182 9 180.0 15.167 2
180 179 181 184 9 180.0 15.167 2
179 181 182 183 9 180.0 9.6232 2
184 181 182 183 9 180.0 9.6232 2
179 181 184 185 9 180.0 15.167 2
179 181 184 186 9 180.0 15.167 2
182 181 184 185 9 180.0 15.167 2
182 181 184 186 9 180.0 15.167 2
181 184 186 176 9 180.0 15.167 2
181 184 186 187 9 180.0 15.167 2
185 184 186 176 9 180.0 15.167 2
185 184 186 187 9 180.0 15.167 2
171 188 190 191 9 180.0 10.46 2
171 188 190 192 9 180.0 10.46 2
189 188 190 191 9 0.0 8.368 1
189 188 190 191 9 180.0 10.46 2
189 188 190 192 9 180.0 10.46 2
188 190 192 193 9 0.0 0 0
188 190 192 194 9 0.0 1.6736 3
188 190 192 194 9 0.0 8.368 1
188 190 192 194 9 0.0 8.368 2
188 190 192 205 9 180.0 0.14226 1
188 190 192 205 9 0.0 1.40164 2
188 190 192 205 9 0.0 2.2761 3
188 190 192 205 9 0.0 0.33472 4
191 190 192 193 9 0.0 0 0
191 190 192 194 9 0.0 0 0
191 190 192 205 9 0.0 0 0
190 192 194 195 9 0.0 0.65084 3
190 192 194 196 9 0.0 0.65084 3
190 192 194 197 9 0.0 0.4184 1
193 192 194 195 9 0.0 0.65084 3
193 192 194 196 9 0.0 0.65084 3
193 192 194 197 9 0.0 0.65084 3
205 192 194 195 9 0.0 0.65084 3
205 192 194 196 9 0.0 0.65084 3
205 192 194 197 9 0.0 1.2552 1
190 192 205 206 9 0.0 0 0
190 192 205 207 9 360.0 0.82425 1
190 192 205 207 9 180.0 6.04588 2
190 192 205 207 9 180.0 2.00414 3
190 192 205 207 9 360.0 0.07991 4
190 192 205 207 9 360.0 0.01674 5
193 192 205 206 9 0.0 3.3472 1
193 192 205 206 9 180.0 0.33472 3
193 192 205 207 9 0.0 0 0
194 192 205 206 9 0.0 0 0
194 192 205 207 9 0.0 0.8368 1
194 192 205 207 9 0.0 0.8368 2
194 192 205 207 9 0.0 1.6736 3
192 194 197 198 9 0.0 0.64852 3
192 194 197 199 9 0.0 0.64852 3
192 194 197 200 9 0.0 0.64852 3
195 194 197 198 9 0.0 0.64852 3
195 194 197 199 9 0.0 0.64852 3
195 194 197 200 9 0.0 0.64852 3
196 194 197 198 9 0.0 0.64852 3
196 194 197 199 9 0.0 0.64852 3
196 194 197 200 9 0.0 0.64852 3
194 197 200 201 9 180.0 2.5104 2
194 197 200 202 9 0.0 0 0
198 197 200 201 9 0.0 0 0
198 197 200 202 9 0.0 0 0
199 197 200 201 9 0.0 0 0
199 197 200 202 9 0.0 0 0
197 200 202 203 9 180.0 10.46 2
197 200 202 204 9 180.0 10.46 2
201 200 202 203 9 0.0 8.368 1
201 200 202 203 9 180.0 10.46 2
201 200 202 204 9 0.0 8.368 1
201 200 202 204 9 180.0 10.46 2
192 205 207 208 9 180.0 10.46 2
192 205 207 209 9 180.0 10.46 2
206 205 207 208 9 0.0 8.368 1
206 205 207 208 9 180.0 10.46 2
206 205 207 209 9 180.0 10.46 2
205 207 209 210 9 0.0 0 0
205 207 209 211 9 0.0 1.6736 3
205 207 209 211 9 0.0 8.368 1
205 207 209 211 9 0.0 8.368 2
205 207 209 217 9 180.0 0.14226 1
205 207 209 217 9 0.0 1.40164 2
205 207 209 217 9 0.0 2.2761 3
205 207 209 217 9 0.0 0.33472 4
208 207 209 210 9 0.0 0 0
208 207 209 211 9 0.0 0 0
208 207 209 217 9 0.0 0 0
207 209 211 212 9 0.0 0.65084 3
207 209 211 213 9 0.0 0.65084 3
207 209 211 214 9 180.0 12.0541 1
207 209 211 214 9 180.0 5.06682 2
207 209 211 214 9 0.0 0.25941 3
207 209 211 214 9 0.0 1.02508 4
207 209 211 214 9 0.0 0.5481 5
207 209 211 214 9 180.0 0.59413 6
210 209 211 212 9 0.0 0.65084 3
210 209 211 213 9 0.0 0.65084 3
210 209 211 214 9 0.0 0.65084 3
217 209 211 212 9 0.0 0.65084 3
217 209 211 213 9 0.0 0.65084 3
217 209 211 214 9 0.0 0.65084 3
207 209 217 218 9 0.0 0 0
207 209 217 219 9 360.0 0.82425 1
207 209 217 219 9 180.0 6.04588 2
207 209 217 219 9 180.0 2.00414 3
207 209 217 219 9 360.0 0.07991 4
207 209 217 219 9 360.0 0.01674 5
210 209 217 218 9 0.0 3.3472 1
210 209 217 218 9 180.0 0.33472 3
210 209 217 219 9 0.0 0 0
211 209 217 218 9 0.0 0 0
211 209 217 219 9 0.0 0.8368 1
211 209 217 219 9 0.0 0.8368 2
211 209 217 219 9 0.0 1.6736 3
209 211 214 215 9 180.0 0.77822 4
209 211 214 215 9 180.0 1.48114 6
209 211 214 215 9 180.0 3.65263 2
209 211 214 216 9 180.0 0.77822 4
209 211 214 216 9 180.0 1.48114 6
209 211 214 216 9 180.0 3.65263 2
212 211 214 215 9 0.0 0 0
212 211 214 216 9 0.0 0 0
213 211 214 215 9 0.0 0 0
213 211 214 216 9 0.0 0 0
209 217 219 220 9 180.0 10.46 2
209 217 219 221 9 180.0 10.46 2
218 217 219 220 9 0.0 8.368 1
218 217 219 220 9 180.0 10.46 2
218 217 219 221 9 180.0 10.46 2
217 219 221 222 9 0.0 0 0
217 219 221 223 9 0.0 1.6736 3
217 219 221 223 9 0.0 8.368 1
217 219 221 223 9 0.0 8.368 2
217 219 221 238 9 180.0 0.14226 1
217 219 221 238 9 0.0 1.40164 2
217 219 221 238 9 0.0 2.2761 3
217 219 221 238 9 0.0 0.33472 4
220 219 221 222 9 0.0 0 0
220 219 221 223 9 0.0 0 0
220 219 221 238 9 0.0 0 0
219 221 223 224 9 0.0 0.65084 3
219 221 223 225 9 0.0 0.65084 3
219 221 223 226 9 0.0 0 0
222 221 223 224 9 0.0 0.65084 3
222 221 223 225 9 0.0 0.65084 3
222 221 223 226 9 0.0 0.65084 3
238 221 223 224 9 0.0 0.65084 3
238 221 223 225 9 0.0 0.65084 3
238 221 223 226 9 0.0 2.17568 1
219 221 238 239 9 0.0 0 0
219 221 238 240 9 360.0 0.82425 1
219 221 238 240 9 180.0 6.04588 2
219 221 238 240 9 180.0 2.00414 3
219 221 238 240 9 360.0 0.07991 4
219 221 238 240 9 360.0 0.01674 5
222 221 238 239 9 0.0 3.3472 1
222 221 238 239 9 180.0 0.33472 3
222 221 238 240 9 0.0 0 0
223 221 238 239 9 0.0 0 0
223 221 238 240 9 0.0 0.8368 1
223 221 238 240 9 0.0 0.8368 2
223 221 238 240 9 0.0 1.6736 3
221 223 226 227 9 0.0 0 0
221 223 226 236 9 0.0 0 0
224 223 226 227 9 0.0 0 0
224 223 226 236 9 0.0 0 0
225 223 226 227 9 0.0 0 0
225 223 226 236 9 0.0 0 0
223 226 227 228 9 180.0 15.167 2
223 226 227 229 9 180.0 15.167 2
236 226 227 228 9 180.0 15.167 2
236 226 227 229 9 180.0 15.167 2
223 226 236 234 9 180.0 15.167 2
223 226 236 237 9 180.0 15.167 2
227 226 236 234 9 180.0 15.167 2
227 226 236 237 9 180.0 15.167 2
226 227 229 230 9 180.0 15.167 2
226 227 229 231 9 180.0 15.167 2
228 227 229 230 9 180.0 15.167 2
228 227 229 231 9 180.0 15.167 2
227 229 231 232 9 180.0 15.167 2
227 229 231 234 9 180.0 15.167 2
230 229 231 232 9 180.0 15.167 2
230 229 231 234 9 180.0 15.167 2
229 231 232 233 9 180.0 9.6232 2
234 231 232 233 9 180.0 9.6232 2
229 231 234 235 9 180.0 15.167 2
229 231 234 236 9 180.0 15.167 2
232 231 234 235 9 180.0 15.167 2
232 231 234 236 9 180.0 15.167 2
231 234 236 226 9 180.0 15.167 2
231 234 236 237 9 180.0 15.167 2
235 234 236 226 9 180.0 15.167 2
235 234 236 237 9 180.0 15.167 2
221 238 240 241 9 180.0 10.46 2
221 238 240 242 9 180.0 10.46 2
239 238 240 241 9 0.0 8.368 1
239 238 240 241 9 180.0 10.46 2
239 238 240 242 9 180.0 10.46 2
238 240 242 243 9 0.0 0 0
238 240 242 244 9 0.0 1.6736 3
238 240 242 244 9 0.0 8.368 1
238 240 242 244 9 0.0 8.368 2
238 240 242 253 9 180.0 0.14226 1
238 240 242 253 9 0.0 1.40164 2
238 240 242 253 9 0.0 2.2761 3
238 240 242 253 9 0.0 0.33472 4
241 240 242 243 9 0.0 0 0
241 240 242 244 9 0.0 0 0
241 240 242 253 9 0.0 0 0
240 242 244 245 9 0.0 0.65084 3
240 242 244 246 9 0.0 0.65084 3
240 242 244 247 9 0.0 0.4184 1
243 242 244 245 9 0.0 0.65084 3
243 242 244 246 9 0.0 0.65084 3
243 242 244 247 9 0.0 0.65084 3
253 242 244 245 9 0.0 0.65084 3
253 242 244 246 9 0.0 0.65084 3
253 242 244 247 9 0.0 1.2552 1
240 242 253 254 9 0.0 0 0
240 242 253 255 9 360.0 0.82425 1
240 242 253 255 9 180.0 6.04588 2
240 242 253 255 9 180.0 2.00414 3
240 242 253 255 9 360.0 0.07991 4
240 242 253 255 9 360.0 0.01674 5
243 242 253 254 9 0.0 3.3472 1
243 242 253 254 9 180.0 0.33472 3
243 242 253 255 9 0.0 0 0
244 242 253 254 9 0.0 0 0
244 242 253 255 9 0.0 0.8368 1
244 242 253 255 9 0.0 0.8368 2
244 242 253 255 9 0.0 1.6736 3
242 244 247 248 9 0.0 0.64852 3
242 244 247 249 9 0.0 0.64852 3
242 244 247 250 9 0.0 0.64852 3
245 244 247 248 9 0.0 0.64852 3
245 244 247 249 9 0.0 0.64852 3
245 244 247 250 9 0.0 0.64852 3
246 244 247 248 9 0.0 0.64852 3
246 244 247 249 9 0.0 0.64852 3
246 244 247 250 9 0.0 0.64852 3
244 247 250 251 9 180.0 2.5104 2
244 247 250 252 9 180.0 2.5104 2
248 247 250 251 9 0.0 0 0
248 247 250 252 9 0.0 0 0
249 247 250 251 9 0.0 0 0
249 247 250 252 9 0.0 0 0
242 253 255 256 9 180.0 10.46 2
242 253 255 265 9 180.0 10.46 2
254 253 255 256 9 180.0 10.46 2
254 253 255 265 9 180.0 10.46 2
253 255 256 257 9 0.0 0 0
253 255 256 258 9 0.0 0 0
253 255 256 259 9 0.0 1.6736 3
253 255 256 259 9 0.0 8.368 1
253 255 256 259 9 0.0 8.368 2
265 255 256 257 9 0.0 0 0
265 255 256 258 9 0.0 0 0
265 255 256 259 9 0.0 0 0
253 255 265 262 9 0.0 8.368 1
253 255 265 262 9 0.0 8.368 2
253 255 265 262 9 0.0 1.6736 3
253 255 265 266 9 0.0 0 0
253 255 265 267 9 0.0 1.12968 2
253 255 265 267 9 0.0 1.75728 3
256 255 265 262 9 0.0 0 0
256 255 265 266 9 0.0 0 0
256 255 265 267 9 0.0 0 0
255 256 259 260 9 0.0 0.65084 3
255 256 259 261 9 0.0 0.65084 3
255 256 259 262 9 0.0 0.65084 3
257 256 259 260 9 0.0 0.65084 3
257 256 259 261 9 0.0 0.65084 3
257 256 259 262 9 0.0 0.65084 3
258 256 259 260 9 0.0 0.65084 3
258 256 259 261 9 0.0 0.65084 3
258 256 259 262 9 0.0 0.65084 3
256 259 262 263 9 0.0 0.66944 3
256 259 262 264 9 0.0 0.66944 3
256 259 262 265 9 0.0 0.75312 3
256 259 262 265 9 180.0 0.8368 1
256 259 262 265 9 180.0 1.046 2
260 259 262 263 9 0.0 0.6276 3
260 259 262 264 9 0.0 0.6276 3
260 259 262 265 9 0.0 0.66944 3
261 259 262 263 9 0.0 0.6276 3
261 259 262 264 9 0.0 0.6276 3
261 259 262 265 9 0.0 0.66944 3
259 262 265 255 9 0.0 0.65084 3
259 262 265 266 9 0.0 0.65084 3
259 262 265 267 9 0.0 0.65084 3
263 262 265 255 9 0.0 0.65084 3
263 262 265 266 9 0.0 0.65084 3
263 262 265 267 9 0.0 0.65084 3
264 262 265 255 9 0.0 0.65084 3
264 262 265 266 9 0.0 0.65084 3
264 262 265 267 9 0.0 0.65084 3
255 265 267 268 9 0.0 0 0
255 265 267 269 9 180.0 1.8828 1
255 265 267 269 9 180.0 6.61072 2
255 265 267 269 9 180.0 2.3012 3
262 265 267 268 9 0.0 0 0
262 265 267 269 9 0.0 0.8368 1
262 265 267 269 9 0.0 0.8368 2
262 265 267 269 9 0.0 1.6736 3
266 265 267 268 9 0.0 3.3472 1
266 265 267 268 9 180.0 0.33472 3
266 265 267 269 9 0.0 0 0
265 267 269 270 9 180.0 10.46 2
265 267 269 271 9 180.0 10.46 2
268 267 269 270 9 0.0 8.368 1
268 267 269 270 9 180.0 10.46 2
268 267 269 271 9 180.0 10.46 2
267 269 271 272 9 0.0 0 0
267 269 271 273 9 0.0 1.6736 3
267 269 271 273 9 0.0 8.368 1
267 269 271 273 9 0.0 8.368 2
267 269 271 282 9 180.0 0.14226 1
267 269 271 282 9 0.0 1.40164 2
267 269 271 282 9 0.0 2.2761 3
267 269 271 282 9 0.0 0.33472 4
270 269 271 272 9 0.0 0 0
270 269 271 273 9 0.0 0 0
270 269 271 282 9 0.0 0 0
269 271 273 274 9 0.0 0.65084 3
269 271 273 275 9 0.0 0.65084 3
269 271 273 276 9 0.0 0.4184 1
272 271 273 274 9 0.0 0.65084 3
272 271 273 275 9 0.0 0.65084 3
272 271 273 276 9 0.0 0.65084 3
282 271 273 274 9 0.0 0.65084 3
282 271 273 275 9 0.0 0.65084 3
282 271 273 276 9 0.0 1.2552 1
269 271 282 283 9 0.0 0 0
269 271 282 284 9 360.0 0.82425 1
269 271 282 284 9 180.0 6.04588 2
269 271 282 284 9 180.0 2.00414 3
269 271 282 284 9 360.0 0.07991 4
269 271 282 284 9 360.0 0.01674 5
272 271 282 283 9 0.0 3.3472 1
272 271 282 283 9 180.0 0.33472 3
272 271 282 284 9 0.0 0 0
273 271 282 283 9 0.0 0 0
273 271 282 284 9 0.0 0.8368 1
273 271 282 284 9 0.0 0.8368 2
273 271 282 284 9 0.0 1.6736 3
271 273 276 277 9 0.0 0.64852 3
271 273 276 278 9 0.0 0.64852 3
271 273 276 279 9 0.0 0.64852 3
274 273 276 277 9 0.0 0.64852 3
274 273 276 278 9 0.0 0.64852 3
274 273 276 279 9 0.0 0.64852 3
275 273 276 277 9 0.0 0.64852 3
275 273 276 278 9 0.0 0.64852 3
275 273 276 279 9 0.0 0.64852 3
273 276 279 280 9 180.0 2.5104 2
273 276 279 281 9 180.0 2.5104 2
277 276 279 280 9 0.0 0 0
277 276 279 281 9 0.0 0 0
278 276 279 280 9 0.0 0 0
278 276 279 281 9 0.0 0 0
271 282 284 285 9 180.0 10.46 2
271 282 284 286 9 180.0 10.46 2
283 282 284 285 9 0.0 8.368 1
283 282 284 285 9 180.0 10.46 2
283 282 284 286 9 180.0 10.46 2
282 284 286 287 9 0.0 0 0
282 284 286 288 9 0.0 1.6736 3
282 284 286 288 9 0.0 8.368 1
282 284 286 288 9 0.0 8.368 2
282 284 286 292 9 180.0 0.14226 1
282 284 286 292 9 0.0 1.40164 2
282 284 286 292 9 0.0 2.2761 3
282 284 286 292 9 0.0 0.33472 4
285 284 286 287 9 0.0 0 0
285 284 286 288 9 0.0 0 0
285 284 286 292 9 0.0 0 0
284 286 288 289 9 0.0 0.65084 3
284 286 288 290 9 0.0 0.65084 3
284 286 288 291 9 0.0 0.65084 3
287 286 288 289 9 0.0 0.65084 3
287 286 288 290 9 0.0 0.65084 3
287 286 288 291 9 0.0 0.65084 3
292 286 288 289 9 0.0 0.65084 3
292 286 288 290 9 0.0 0.65084 3
292 286 288 291 9 0.0 0.65084 3
284 286 292 293 9 0.0 0 0
284 286 292 294 9 0.0 0 0
287 286 292 293 9 0.0 0 0
287 286 292 294 9 0.0 0 0
288 286 292 293 9 0.0 0 0
288 286 292 294 9 0.0 0 0
5 15 13 14 4 180.0 43.932 2
7 11 10 12 4 180.0 43.932 2
13 17 15 16 4 180.0 4.6024 2
13 15 17 27 4 90.0 1.6736 2 
15 17 27 29 4 90.0 0.2385 3 
15 17 27 29 4 90.0 0.1046 4 
15 17 27 29 4 90.0 -0.046 5 
15 17 27 29 4 160.888 2.7196 1 
15 17 27 29 4 90.0 -1.0669 1 
15 17 27 29 4 90.0 0.3138 2 
17 29 27 28 4 180.0 43.932 2
19 24 22 23 4 180.0 43.932 2
22 25 24 26 4 180.0 4.184 2
27 31 29 30 4 180.0 4.6024 2
27 29 31 42 4 90.0 1.6736 2 
29 31 42 44 4 160.888 2.7196 1 
29 31 42 44 4 90.0 -1.0669 1 
29 31 42 44 4 90.0 0.3138 2 
29 31 42 44 4 90.0 0.2385 3 
29 31 42 44 4 90.0 0.1046 4 
29 31 42 44 4 90.0 -0.046 5 
31 44 42 43 4 180.0 43.932 2
36 40 39 41 4 180.0 43.932 2
42 46 44 45 4 180.0 4.6024 2
42 44 46 52 4 90.0 1.6736 2 
44 46 52 54 4 90.0 0.3138 2 
44 46 52 54 4 90.0 0.1046 4 
44 46 52 54 4 90.0 -0.046 5 
44 46 52 54 4 90.0 0.2385 3 
44 46 52 54 4 160.888 2.7196 1 
44 46 52 54 4 90.0 -1.0669 1 
46 54 52 53 4 180.0 43.932 2
52 56 54 55 4 180.0 4.6024 2
52 54 56 73 4 90.0 1.6736 2 
54 56 73 75 4 90.0 -1.0669 1 
54 56 73 75 4 90.0 0.3138 2 
54 56 73 75 4 90.0 0.2385 3 
54 56 73 75 4 90.0 0.1046 4 
54 56 73 75 4 90.0 -0.046 5 
54 56 73 75 4 160.888 2.7196 1 
56 75 73 74 4 180.0 43.932 2
58 61 71 62 4 180.0 4.6024 2
61 64 62 63 4 180.0 4.6024 2
61 69 71 72 4 180.0 4.6024 2
62 66 64 65 4 180.0 4.6024 2
64 69 66 67 4 180.0 4.6024 2
66 71 69 70 4 180.0 4.6024 2
73 77 75 76 4 180.0 4.6024 2
73 75 77 88 4 90.0 1.6736 2 
75 77 88 90 4 160.888 2.7196 1 
75 77 88 90 4 90.0 -1.0669 1 
75 77 88 90 4 90.0 0.3138 2 
75 77 88 90 4 90.0 0.1046 4 
75 77 88 90 4 90.0 -0.046 5 
75 77 88 90 4 90.0 0.2385 3 
77 90 88 89 4 180.0 43.932 2
82 86 85 87 4 180.0 43.932 2
88 92 90 91 4 180.0 4.6024 2
88 90 92 105 4 90.0 1.6736 2 
90 92 105 107 4 90.0 -1.0669 1 
90 92 105 107 4 90.0 0.3138 2 
90 92 105 107 4 90.0 0.2385 3 
90 92 105 107 4 90.0 0.1046 4 
90 92 105 107 4 90.0 -0.046 5 
90 92 105 107 4 160.888 2.7196 1 
92 107 105 106 4 180.0 43.932 2
105 108 107 117 4 180.0 4.184 2
117 121 119 120 4 180.0 43.932 2
119 123 121 122 4 180.0 4.6024 2
119 121 123 130 4 90.0 1.6736 2 
121 123 130 132 4 90.0 0.1046 4 
121 123 130 132 4 90.0 -0.046 5 
121 123 130 132 4 90.0 0.2385 3 
121 123 130 132 4 160.888 2.7196 1 
121 123 130 132 4 90.0 -1.0669 1 
121 123 130 132 4 90.0 0.3138 2 
123 132 130 131 4 180.0 43.932 2
130 134 132 133 4 180.0 4.6024 2
130 132 134 145 4 90.0 1.6736 2 
132 134 145 147 4 90.0 -1.0669 1 
132 134 145 147 4 90.0 0.3138 2 
132 134 145 147 4 90.0 0.2385 3 
132 134 145 147 4 90.0 0.1046 4 
132 134 145 147 4 90.0 -0.046 5 
132 134 145 147 4 160.888 2.7196 1 
134 147 145 146 4 180.0 43.932 2
139 143 142 144 4 180.0 43.932 2
145 149 147 148 4 180.0 4.6024 2
145 147 149 160 4 90.0 1.6736 2 
147 149 160 162 4 90.0 -1.0669 1 
147 149 160 162 4 90.0 0.3138 2 
147 149 160 162 4 90.0 0.2385 3 
147 149 160 162 4 90.0 0.1046 4 
147 149 160 162 4 90.0 -0.046 5 
147 149 160 162 4 160.888 2.7196 1 
149 162 160 161 4 180.0 43.932 2
154 158 157 159 4 180.0 43.932 2
160 164 162 163 4 180.0 4.6024 2
164 169 167 168 4 180.0 43.932 2
167 171 169 170 4 180.0 4.6024 2
167 169 171 188 4 90.0 1.6736 2 
169 171 188 190 4 160.888 2.7196 1 
169 171 188 190 4 90.0 -1.0669 1 
169 171 188 190 4 90.0 0.3138 2 
169 171 188 190 4 90.0 0.2385 3 
169 171 188 190 4 90.0 0.1046 4 
169 171 188 190 4 90.0 -0.046 5 
171 190 188 189 4 180.0 43.932 2
173 176 186 177 4 180.0 4.6024 2
176 179 177 178 4 180.0 4.6024 2
176 184 186 187 4 180.0 4.6024 2
177 181 179 180 4 180.0 4.6024 2
179 184 181 182 4 180.0 4.6024 2
181 186 184 185 4 180.0 4.6024 2
188 192 190 191 4 180.0 4.6024 2
188 190 192 205 4 90.0 1.6736 2 
190 192 205 207 4 90.0 -1.0669 1 
190 192 205 207 4 160.888 2.7196 1 
190 192 205 207 4 90.0 0.3138 2 
190 192 205 207 4 90.0 0.2385 3 
190 192 205 207 4 90.0 0.1046 4 
190 192 205 207 4 90.0 -0.046 5 
192 207 205 206 4 180.0 43.932 2
197 202 200 201 4 180.0 43.932 2
200 203 202 204 4 180.0 4.184 2
205 209 207 208 4 180.0 4.6024 2
205 207 209 217 4 90.0 1.6736 2 
207 209 217 219 4 160.888 2.7196 1 
207 209 217 219 4 90.0 0.2385 3 
207 209 217 219 4 90.0 0.1046 4 
207 209 217 219 4 90.0 -0.046 5 
207 209 217 219 4 90.0 0.3138 2 
207 209 217 219 4 90.0 -1.0669 1 
209 219 217 218 4 180.0 43.932 2
211 215 214 216 4 180.0 43.932 2
217 221 219 220 4 180.0 4.6024 2
217 219 221 238 4 90.0 1.6736 2 
219 221 238 240 4 90.0 0.3138 2 
219 221 238 240 4 160.888 2.7196 1 
219 221 238 240 4 90.0 -1.0669 1 
219 221 238 240 4 90.0 0.2385 3 
219 221 238 240 4 90.0 0.1046 4 
219 221 238 240 4 90.0 -0.046 5 
221 240 238 239 4 180.0 43.932 2
223 226 236 227 4 180.0 4.6024 2
226 229 227 228 4 180.0 4.6024 2
226 234 236 237 4 180.0 4.6024 2
227 231 229 230 4 180.0 4.6024 2
229 234 231 232 4 180.0 4.6024 2
231 236 234 235 4 180.0 4.6024 2
238 242 240 241 4 180.0 4.6024 2
238 240 242 253 4 90.0 1.6736 2 
240 242 253 255 4 90.0 0.3138 2 
240 242 253 255 4 90.0 0.2385 3 
240 242 253 255 4 90.0 0.1046 4 
240 242 253 255 4 90.0 -0.046 5 
240 242 253 255 4 160.888 2.7196 1 
240 242 253 255 4 90.0 -1.0669 1 
242 255 253 254 4 180.0 43.932 2
247 251 250 252 4 180.0 43.932 2
253 256 255 265 4 180.0 4.184 2
265 269 267 268 4 180.0 43.932 2
267 271 269 270 4 180.0 4.6024 2
267 269 271 282 4 90.0 1.6736 2 
269 271 282 284 4 160.888 2.7196 1 
269 271 282 284 4 90.0 -1.0669 1 
269 271 282 284 4 90.0 0.3138 2 
269 271 282 284 4 90.0 0.2385 3 
269 271 282 284 4 90.0 0.1046 4 
269 271 282 284 4 90.0 -0.046 5 
271 284 282 283 4 180.0 43.932 2
276 280 279 281 4 180.0 43.932 2
282 286 284 285 4 180.0 4.6024 2
282 284 286 292 4 90.0 1.6736 2 
286 293 292 294 4 180.0 43.932 2

